  Determining projects to restore...
  All projects are up-to-date for restore.
D:\Galuoc_Workspace\Tools_Project\SteamCmdWebAPI\Services\SteamCmdService.cs(1898,10): error CS1513: } expected [D:\Galuoc_Workspace\Tools_Project\SteamCmdWebAPI\SteamCmdWebAPI.csproj]
D:\Galuoc_Workspace\Tools_Project\SteamCmdWebAPI\Services\SteamCmdService.cs(2588,19): error CS1513: } expected [D:\Galuoc_Workspace\Tools_Project\SteamCmdWebAPI\SteamCmdWebAPI.csproj]
D:\Galuoc_Workspace\Tools_Project\SteamCmdWebAPI\Services\SteamCmdService.cs(2793,118): error CS1513: } expected [D:\Galuoc_Workspace\Tools_Project\SteamCmdWebAPI\SteamCmdWebAPI.csproj]
D:\Galuoc_Workspace\Tools_Project\SteamCmdWebAPI\Services\SteamCmdService.cs(3456,2): error CS1038: #endregion directive expected [D:\Galuoc_Workspace\Tools_Project\SteamCmdWebAPI\SteamCmdWebAPI.csproj]

Build FAILED.

D:\Galuoc_Workspace\Tools_Project\SteamCmdWebAPI\Services\SteamCmdService.cs(1898,10): error CS1513: } expected [D:\Galuoc_Workspace\Tools_Project\SteamCmdWebAPI\SteamCmdWebAPI.csproj]
D:\Galuoc_Workspace\Tools_Project\SteamCmdWebAPI\Services\SteamCmdService.cs(2588,19): error CS1513: } expected [D:\Galuoc_Workspace\Tools_Project\SteamCmdWebAPI\SteamCmdWebAPI.csproj]
D:\Galuoc_Workspace\Tools_Project\SteamCmdWebAPI\Services\SteamCmdService.cs(2793,118): error CS1513: } expected [D:\Galuoc_Workspace\Tools_Project\SteamCmdWebAPI\SteamCmdWebAPI.csproj]
D:\Galuoc_Workspace\Tools_Project\SteamCmdWebAPI\Services\SteamCmdService.cs(3456,2): error CS1038: #endregion directive expected [D:\Galuoc_Workspace\Tools_Project\SteamCmdWebAPI\SteamCmdWebAPI.csproj]
    0 Warning(s)
    4 Error(s)

Time Elapsed 00:00:01.08
